// Jest Snapshot v1, https://goo.gl/fbAQLP

exports[`ConfirmationForm renders the UI as expected 1`] = `
<span
  className="confirmation-component"
>
  <h4>
    <span
      className="hold-order"
    >
      H
    </span>
     - 
  </h4>
</span>
`;
