// Jest Snapshot v1, https://goo.gl/fbAQLP

exports[`HoldPreview renders the UI as expected 1`] = `
<div
  className="multi-hold-preview"
/>
`;
