// Jest Snapshot v1, https://goo.gl/fbAQLP

exports[`HoldConfirmation renders the UI as expected 1`] = `
<h1>
  Waiting to add holds...
</h1>
`;
