// Jest Snapshot v1, https://goo.gl/fbAQLP

exports[`SingleHold renders the UI as expected 1`] = `
<div
  className="single-hold-selector"
>
  FROM:
  <div
    className="date-selector"
  >
    <select
      className="month-selector"
      onChange={[Function]}
    >
      <option>
        January
      </option>
      <option>
        February
      </option>
      <option>
        March
      </option>
      <option>
        April
      </option>
      <option>
        May
      </option>
      <option>
        June
      </option>
      <option>
        July
      </option>
      <option>
        August
      </option>
      <option>
        September
      </option>
      <option>
        October
      </option>
      <option>
        November
      </option>
      <option>
        December
      </option>
    </select>
    <select
      className="day-selector"
      onChange={[Function]}
    />
    <select
      className="year-selector"
      onChange={[Function]}
    >
      <option>
        2020
      </option>
      <option>
        2021
      </option>
    </select>
  </div>
  <div
    className="current-add"
  >
    <div
      className="current-add-header"
    >
      CURRENTLY ADDING HOLDS FROM:
    </div>
     
    , 
     thru 
     
    , 
  </div>
  <br />
</div>
`;
